[2026-08-01 20:47:28] [INFO] [app.py:32] - Initializing API Model Pipelines...
[2026-08-01 20:47:28] [INFO] [generator.py:22] - Initializing Generation Pipeline...
[2026-08-01 20:47:28] [INFO] [gpt_generator.py:27] - Loading pre-trained GPT generator backbone: gpt2...
[2026-08-01 20:47:32] [INFO] [t5_model.py:26] - Loading pre-trained T5 backbone: t5-small...
[2026-08-01 20:47:35] [INFO] [app.py:38] - Loading fine-tuned classifier from A:\Projects\Project 3\nlp-transformer-system\saved_models\fine_tuned_ag_news...
[2026-08-01 20:47:35] [INFO] [bert_classifier.py:29] - Loading pre-trained classifier backbone: A:\Projects\Project 3\nlp-transformer-system\saved_models\fine_tuned_ag_news...
[2026-08-01 20:47:36] [INFO] [app.py:48] - ✅ All API models successfully loaded!
[2026-08-01 20:56:20] [INFO] [app.py:50] - Shutting down API and releasing resources...
[2026-08-01 21:04:02] [INFO] [app.py:32] - Initializing API Model Pipelines...
[2026-08-01 21:04:02] [INFO] [generator.py:22] - Initializing Generation Pipeline...
[2026-08-01 21:04:02] [INFO] [gpt_generator.py:27] - Loading pre-trained GPT generator backbone: gpt2...
[2026-08-01 21:04:09] [INFO] [t5_model.py:26] - Loading pre-trained T5 backbone: t5-small...
[2026-08-01 21:04:12] [INFO] [app.py:38] - Loading fine-tuned classifier from A:\Projects\Project 3\nlp-transformer-system\saved_models\fine_tuned_ag_news...
[2026-08-01 21:04:12] [INFO] [bert_classifier.py:29] - Loading pre-trained classifier backbone: A:\Projects\Project 3\nlp-transformer-system\saved_models\fine_tuned_ag_news...
[2026-08-01 21:04:13] [INFO] [app.py:48] - ✅ All API models successfully loaded!
[2026-08-01 21:08:19] [INFO] [app.py:50] - Shutting down API and releasing resources...
[2026-08-01 21:08:30] [INFO] [app.py:32] - Initializing API Model Pipelines...
[2026-08-01 21:08:30] [INFO] [generator.py:22] - Initializing Generation Pipeline...
[2026-08-01 21:08:30] [INFO] [gpt_generator.py:27] - Loading pre-trained GPT generator backbone: gpt2...
[2026-08-01 21:08:37] [INFO] [t5_model.py:26] - Loading pre-trained T5 backbone: t5-small...
[2026-08-01 21:08:41] [INFO] [app.py:38] - Loading fine-tuned classifier from A:\Projects\Project 3\nlp-transformer-system\saved_models\fine_tuned_ag_news...
[2026-08-01 21:08:41] [INFO] [bert_classifier.py:37] - Loading pre-trained classifier backbone: A:\Projects\Project 3\nlp-transformer-system\saved_models\fine_tuned_ag_news...
[2026-08-01 21:08:41] [INFO] [app.py:48] - ✅ All API models successfully loaded!
[2026-08-01 21:08:59] [INFO] [app.py:32] - Initializing API Model Pipelines...
[2026-08-01 21:08:59] [INFO] [generator.py:22] - Initializing Generation Pipeline...
[2026-08-01 21:08:59] [INFO] [gpt_generator.py:27] - Loading pre-trained GPT generator backbone: gpt2...
[2026-08-01 21:09:09] [INFO] [t5_model.py:26] - Loading pre-trained T5 backbone: t5-small...
[2026-08-01 21:09:22] [INFO] [app.py:38] - Loading fine-tuned classifier from A:\Projects\Project 3\nlp-transformer-system\saved_models\fine_tuned_ag_news...
[2026-08-01 21:09:22] [INFO] [bert_classifier.py:37] - Loading pre-trained classifier backbone: A:\Projects\Project 3\nlp-transformer-system\saved_models\fine_tuned_ag_news...
[2026-08-01 21:09:22] [INFO] [app.py:48] - ✅ All API models successfully loaded!
[2026-08-01 21:09:53] [ERROR] [app.py:91] - Classification Error: 1 validation error for ClassificationResponse
predicted_class
  Input should be a valid integer, unable to parse string as an integer [type=int_parsing, input_value='Sports', input_type=str]
    For further information visit https://errors.pydantic.dev/2.13/v/int_parsing
[2026-08-01 21:09:57] [ERROR] [app.py:91] - Classification Error: 1 validation error for ClassificationResponse
predicted_class
  Input should be a valid integer, unable to parse string as an integer [type=int_parsing, input_value='Sports', input_type=str]
    For further information visit https://errors.pydantic.dev/2.13/v/int_parsing
[2026-08-01 21:11:35] [INFO] [app.py:50] - Shutting down API and releasing resources...
[2026-08-01 21:11:46] [INFO] [app.py:32] - Initializing API Model Pipelines...
[2026-08-01 21:11:46] [INFO] [generator.py:22] - Initializing Generation Pipeline...
[2026-08-01 21:11:46] [INFO] [gpt_generator.py:27] - Loading pre-trained GPT generator backbone: gpt2...
[2026-08-01 21:11:50] [INFO] [t5_model.py:26] - Loading pre-trained T5 backbone: t5-small...
[2026-08-01 21:11:53] [INFO] [app.py:38] - Loading fine-tuned classifier from A:\Projects\Project 3\nlp-transformer-system\saved_models\fine_tuned_ag_news...
[2026-08-01 21:11:53] [INFO] [bert_classifier.py:37] - Loading pre-trained classifier backbone: A:\Projects\Project 3\nlp-transformer-system\saved_models\fine_tuned_ag_news...
[2026-08-01 21:11:53] [INFO] [app.py:48] - ✅ All API models successfully loaded!
[2026-08-01 21:18:40] [INFO] [app.py:50] - Shutting down API and releasing resources...
[2026-08-01 21:18:51] [INFO] [app.py:32] - Initializing API Model Pipelines...
[2026-08-01 21:18:51] [INFO] [generator.py:22] - Initializing Generation Pipeline...
[2026-08-01 21:18:51] [INFO] [gpt_generator.py:27] - Loading pre-trained GPT generator backbone: gpt2...
[2026-08-01 21:18:56] [INFO] [t5_model.py:26] - Loading pre-trained T5 backbone: t5-small...
[2026-08-01 21:18:59] [INFO] [app.py:38] - Loading fine-tuned classifier from A:\Projects\Project 3\nlp-transformer-system\saved_models\fine_tuned_ag_news...
[2026-08-01 21:18:59] [INFO] [bert_classifier.py:37] - Loading pre-trained classifier backbone: A:\Projects\Project 3\nlp-transformer-system\saved_models\fine_tuned_ag_news...
[2026-08-01 21:18:59] [INFO] [app.py:48] - ✅ All API models successfully loaded!
[2026-08-01 21:21:00] [INFO] [app.py:50] - Shutting down API and releasing resources...
[2026-08-01 21:21:13] [INFO] [fine_tune.py:39] - Starting fine-tuning pipeline for distilbert-base-uncased on ag_news...
[2026-08-01 21:21:13] [INFO] [bert_classifier.py:37] - Loading pre-trained classifier backbone: distilbert-base-uncased...
[2026-08-01 21:21:27] [INFO] [dataset.py:69] - Loading AG News dataset split: train[:100]...
[2026-08-01 21:21:31] [INFO] [dataset.py:69] - Loading AG News dataset split: test[:50]...
[2026-08-01 21:21:34] [INFO] [fine_tune.py:95] - Executing training loop...
[2026-08-01 21:22:40] [INFO] [fine_tune.py:99] - Evaluating fine-tuned model...
[2026-08-01 21:22:42] [INFO] [fine_tune.py:102] - ✅ Fine-Tuning Complete! Results: {'eval_loss': 1.3688312768936157, 'eval_accuracy': 0.22, 'eval_f1': 0.1062, 'eval_precision': 0.3117, 'eval_recall': 0.22, 'eval_runtime': 2.3054, 'eval_samples_per_second': 21.688, 'eval_steps_per_second': 0.868, 'epoch': 3.0}
[2026-08-01 21:22:42] [INFO] [fine_tune.py:107] - ✅ Best model checkpoint saved to: A:\Projects\Project 3\nlp-transformer-system\saved_models\fine_tuned_ag_news
[2026-08-01 21:25:33] [INFO] [app.py:32] - Initializing API Model Pipelines...
[2026-08-01 21:25:33] [INFO] [generator.py:22] - Initializing Generation Pipeline...
[2026-08-01 21:25:33] [INFO] [gpt_generator.py:27] - Loading pre-trained GPT generator backbone: gpt2...
[2026-08-01 21:25:37] [INFO] [t5_model.py:26] - Loading pre-trained T5 backbone: t5-small...
[2026-08-01 21:25:40] [INFO] [app.py:38] - Loading fine-tuned classifier from A:\Projects\Project 3\nlp-transformer-system\saved_models\fine_tuned_ag_news...
[2026-08-01 21:25:40] [INFO] [bert_classifier.py:37] - Loading pre-trained classifier backbone: A:\Projects\Project 3\nlp-transformer-system\saved_models\fine_tuned_ag_news...
[2026-08-01 21:25:40] [INFO] [app.py:48] - ✅ All API models successfully loaded!
[2026-08-01 21:32:57] [INFO] [app.py:50] - Shutting down API and releasing resources...
[2026-08-01 21:35:11] [INFO] [fine_tune.py:40] - Starting fine-tuning pipeline for distilbert-base-uncased on ag_news using device: CPU...
[2026-08-01 21:35:11] [INFO] [bert_classifier.py:37] - Loading pre-trained classifier backbone: distilbert-base-uncased...
[2026-08-01 21:35:14] [INFO] [dataset.py:69] - Loading AG News dataset split: train[:10000]...
[2026-08-01 21:35:20] [INFO] [dataset.py:69] - Loading AG News dataset split: test[:2000]...
[2026-08-01 21:35:22] [INFO] [fine_tune.py:99] - Executing training loop on GPU...
[2026-08-01 23:12:09] [INFO] [fine_tune.py:103] - Evaluating fine-tuned model...
[2026-08-01 23:13:42] [INFO] [fine_tune.py:106] - ✅ Fine-Tuning Complete! Results: {'eval_loss': 0.24590295553207397, 'eval_accuracy': 0.927, 'eval_f1': 0.927, 'eval_precision': 0.9273, 'eval_recall': 0.927, 'eval_runtime': 92.8737, 'eval_samples_per_second': 21.535, 'eval_steps_per_second': 0.678, 'epoch': 3.0}
[2026-08-01 23:13:42] [INFO] [fine_tune.py:111] - ✅ Best model checkpoint saved to: A:\Projects\Project 3\nlp-transformer-system\saved_models\fine_tuned_ag_news
