[2026-08-02 00:16:31] [INFO] [app.py:32] - Initializing API Model Pipelines...
[2026-08-02 00:16:31] [INFO] [generator.py:22] - Initializing Generation Pipeline...
[2026-08-02 00:16:31] [INFO] [gpt_generator.py:27] - Loading pre-trained GPT generator backbone: gpt2...
[2026-08-02 00:16:35] [INFO] [t5_model.py:26] - Loading pre-trained T5 backbone: t5-small...
[2026-08-02 00:16:38] [INFO] [app.py:38] - Loading fine-tuned classifier from A:\Projects\Project 3\nlp-transformer-system\saved_models\fine_tuned_ag_news...
[2026-08-02 00:16:38] [INFO] [bert_classifier.py:37] - Loading pre-trained classifier backbone: A:\Projects\Project 3\nlp-transformer-system\saved_models\fine_tuned_ag_news...
[2026-08-02 00:16:38] [INFO] [app.py:48] - ✅ All API models successfully loaded!
[2026-08-02 00:19:07] [INFO] [app.py:50] - Shutting down API and releasing resources...
[2026-08-02 00:22:10] [INFO] [app.py:32] - Initializing API Model Pipelines...
[2026-08-02 00:22:10] [INFO] [generator.py:22] - Initializing Generation Pipeline...
[2026-08-02 00:22:10] [INFO] [gpt_generator.py:27] - Loading pre-trained GPT generator backbone: gpt2...
[2026-08-02 00:22:14] [INFO] [t5_model.py:26] - Loading pre-trained T5 backbone: t5-small...
[2026-08-02 00:22:17] [INFO] [app.py:38] - Loading fine-tuned classifier from A:\Projects\Project 3\nlp-transformer-system\saved_models\fine_tuned_ag_news...
[2026-08-02 00:22:17] [INFO] [bert_classifier.py:37] - Loading pre-trained classifier backbone: A:\Projects\Project 3\nlp-transformer-system\saved_models\fine_tuned_ag_news...
[2026-08-02 00:22:17] [INFO] [app.py:48] - ✅ All API models successfully loaded!
[2026-08-02 00:24:04] [ERROR] [app.py:113] - Text Generation Error: 'PretrainedGPTGenerator' object has no attribute 'generate'
[2026-08-02 00:24:06] [ERROR] [app.py:113] - Text Generation Error: 'PretrainedGPTGenerator' object has no attribute 'generate'
[2026-08-02 00:24:14] [ERROR] [app.py:113] - Text Generation Error: 'PretrainedGPTGenerator' object has no attribute 'generate'
[2026-08-02 00:26:02] [INFO] [app.py:50] - Shutting down API and releasing resources...
[2026-08-02 00:27:16] [INFO] [app.py:32] - Initializing API Model Pipelines...
[2026-08-02 00:27:16] [INFO] [generator.py:24] - Initializing Generation Pipeline...
[2026-08-02 00:27:16] [INFO] [gpt_generator.py:27] - Loading pre-trained GPT generator backbone: gpt2...
[2026-08-02 00:27:20] [INFO] [t5_model.py:28] - Loading pre-trained T5 backbone: t5-small...
[2026-08-02 00:27:23] [INFO] [app.py:38] - Loading fine-tuned classifier from A:\Projects\Project 3\nlp-transformer-system\saved_models\fine_tuned_ag_news...
[2026-08-02 00:27:23] [INFO] [bert_classifier.py:37] - Loading pre-trained classifier backbone: A:\Projects\Project 3\nlp-transformer-system\saved_models\fine_tuned_ag_news...
[2026-08-02 00:27:23] [INFO] [app.py:48] - ✅ All API models successfully loaded!
[2026-08-02 00:37:07] [INFO] [app.py:50] - Shutting down API and releasing resources...
[2026-08-02 00:37:16] [INFO] [app.py:32] - Initializing API Model Pipelines...
[2026-08-02 00:37:16] [INFO] [generator.py:24] - Initializing Generation Pipeline...
[2026-08-02 00:37:16] [INFO] [gpt_generator.py:28] - Loading pre-trained GPT generator backbone: gpt2...
[2026-08-02 00:37:21] [INFO] [t5_model.py:28] - Loading pre-trained T5 backbone: t5-small...
[2026-08-02 00:37:24] [INFO] [app.py:38] - Loading fine-tuned classifier from A:\Projects\Project 3\nlp-transformer-system\saved_models\fine_tuned_ag_news...
[2026-08-02 00:37:24] [INFO] [bert_classifier.py:37] - Loading pre-trained classifier backbone: A:\Projects\Project 3\nlp-transformer-system\saved_models\fine_tuned_ag_news...
[2026-08-02 00:37:24] [INFO] [app.py:48] - ✅ All API models successfully loaded!
[2026-08-02 00:43:44] [INFO] [app.py:50] - Shutting down API and releasing resources...
[2026-08-02 00:43:54] [INFO] [app.py:32] - Initializing API Model Pipelines...
[2026-08-02 00:43:54] [INFO] [generator.py:24] - Initializing Generation Pipeline...
[2026-08-02 00:43:54] [INFO] [gpt_generator.py:28] - Loading pre-trained GPT generator backbone: gpt2...
[2026-08-02 00:44:07] [INFO] [t5_model.py:28] - Loading pre-trained T5 backbone: t5-small...
[2026-08-02 00:44:10] [INFO] [app.py:38] - Loading fine-tuned classifier from A:\Projects\Project 3\nlp-transformer-system\saved_models\fine_tuned_ag_news...
[2026-08-02 00:44:10] [INFO] [bert_classifier.py:37] - Loading pre-trained classifier backbone: A:\Projects\Project 3\nlp-transformer-system\saved_models\fine_tuned_ag_news...
[2026-08-02 00:44:10] [INFO] [app.py:48] - ✅ All API models successfully loaded!
[2026-08-02 01:02:21] [INFO] [app.py:50] - Shutting down API and releasing resources...
