[2026-07-29 22:24:42] [INFO] [logger.py:63] - ✅ Logger setup successfully!
[2026-07-29 22:24:42] [WARNING] [logger.py:64] - This is a test warning log.
[2026-07-29 22:26:28] [INFO] [metrics.py:83] - ✅ Classification Metrics Test Output: {'accuracy': 0.8, 'f1': 0.8, 'precision': 0.8667, 'recall': 0.8}
[2026-07-29 22:26:28] [INFO] [metrics.py:84] - ✅ Perplexity Test (Loss=1.5): 4.4817
[2026-07-29 22:29:59] [INFO] [preprocessor.py:70] - ✅ Raw Input:   <br />This movie was <b>INCREDIBLE</b>!!!   The acting was top-tier.  
[2026-07-29 22:29:59] [INFO] [preprocessor.py:71] - ✅ Cleaned Output: this movie was incredible !!! the acting was top-tier.
[2026-07-29 22:31:01] [INFO] [dataset.py:69] - Loading AG News dataset split: train[:100]...
[2026-07-29 22:32:03] [INFO] [dataset.py:69] - Loading AG News dataset split: train[:100]...
[2026-07-29 22:32:18] [INFO] [dataset.py:97] - ✅ Downloaded and processed 100 samples.
[2026-07-29 22:32:18] [INFO] [dataset.py:98] - ✅ Sample 0 Text: wall st. bears claw back into the black (reuters) reuters - short-sellers, wall street's dwindling\b...
[2026-07-29 22:32:18] [INFO] [dataset.py:99] - ✅ Sample 0 Label: 2
[2026-07-29 22:32:18] [INFO] [dataset.py:103] - ✅ DataLoader Batch Keys: ['text', 'label']
[2026-07-29 22:34:23] [INFO] [dataset.py:69] - Loading AG News dataset split: train[:500]...
[2026-07-29 22:34:27] [INFO] [tokenizer.py:32] - Training Custom BPE Tokenizer with target vocab size 5000...
[2026-07-29 22:34:27] [INFO] [tokenizer.py:61] - ✅ BPE Tokenizer training complete!
[2026-07-29 22:34:27] [INFO] [tokenizer.py:70] - ✅ Tokenizer saved to: A:\Projects\Project 3\nlp-transformer-system\saved_models\custom_bpe_tokenizer
[2026-07-29 22:34:27] [INFO] [tokenizer.py:96] - ✅ Sample Text: Transformer models are revolutionary for NLP applications!
[2026-07-29 22:34:27] [INFO] [tokenizer.py:97] - ✅ Token IDs: [1, 51, 361, 388, 283, 1462, 1105, 197, 3012, 689, 119, 60, 1, 1, 1, 2248, 5]
[2026-07-29 22:34:27] [INFO] [tokenizer.py:98] - ✅ Decoded Text: [UNK]ransformer models are revolutionary for [UNK][UNK][UNK] applications!
[2026-07-29 22:35:58] [INFO] [attention.py:94] - ✅ Multi-Head Attention forward pass success!
[2026-07-29 22:35:58] [INFO] [attention.py:95] - ✅ Input Shape: torch.Size([2, 10, 256])
[2026-07-29 22:35:58] [INFO] [attention.py:96] - ✅ Output Shape: torch.Size([2, 10, 256])
[2026-07-29 22:35:58] [INFO] [attention.py:97] - ✅ Attention Weights Shape: torch.Size([2, 8, 10, 10])
[2026-07-29 22:37:23] [INFO] [encoder.py:121] - ✅ Transformer Encoder forward pass success!
[2026-07-29 22:37:23] [INFO] [encoder.py:122] - ✅ Token Input Shape: torch.Size([2, 16])
[2026-07-29 22:37:23] [INFO] [encoder.py:123] - ✅ Encoder Representation Shape: torch.Size([2, 16, 256])
[2026-07-29 23:40:57] [INFO] [decoder.py:109] - ✅ Transformer Decoder forward pass success!
[2026-07-29 23:40:57] [INFO] [decoder.py:110] - ✅ Target Token Input Shape: torch.Size([2, 12])
[2026-07-29 23:40:57] [INFO] [decoder.py:111] - ✅ Decoder Representation Shape: torch.Size([2, 12, 256])
[2026-07-29 23:42:21] [INFO] [transformer.py:142] - ✅ Full Transformer (Seq2Seq) assembly test success!
[2026-07-29 23:42:21] [INFO] [transformer.py:143] - ✅ Seq2Seq Output Shape: torch.Size([2, 12, 30000])
[2026-07-29 23:42:22] [INFO] [transformer.py:154] - ✅ Transformer Classifier test success!
[2026-07-29 23:42:22] [INFO] [transformer.py:155] - ✅ Classifier Output Logits Shape: torch.Size([2, 4])
[2026-07-29 23:43:29] [INFO] [bert_classifier.py:29] - Loading pre-trained classifier backbone: distilbert-base-uncased...
[2026-07-29 23:45:05] [INFO] [bert_classifier.py:94] - ✅ Pre-trained Classifier Wrapper test success!
[2026-07-29 23:45:05] [INFO] [bert_classifier.py:95] - ✅ Input Text: This film was an absolute masterclass in storytelling and cinematography!
[2026-07-29 23:45:05] [INFO] [bert_classifier.py:96] - ✅ Prediction Result: {'predicted_class': 1, 'confidence': 0.5489, 'probabilities': [0.4511, 0.5489]}
[2026-07-29 23:47:22] [INFO] [gpt_generator.py:27] - Loading pre-trained GPT generator backbone: gpt2...
[2026-07-29 23:50:02] [INFO] [gpt_generator.py:84] - Prompt: 'Artificial Intelligence in modern healthcare is'
[2026-07-29 23:50:04] [INFO] [gpt_generator.py:89] - ✅ GPT-2 Generator test success!
[2026-07-29 23:50:04] [INFO] [gpt_generator.py:90] - ✅ Generated Output:
Artificial Intelligence in modern healthcare is not a new concept. However, it is well known that there is a trend toward artificial intelligence (AI) in healthcare. In fact, AI has become an increasingly popular term for healthcare. In fact
[2026-07-29 23:51:04] [INFO] [t5_model.py:26] - Loading pre-trained T5 backbone: t5-small...
[2026-07-29 23:52:34] [INFO] [t5_model.py:83] - ✅ T5 Model Wrapper test success!
[2026-07-29 23:52:34] [INFO] [t5_model.py:84] - ✅ Summarization Output: models trained on vast text corpora can achieve unprecedented state-of-the-art results across downstream tasks such as classification, question answering,
[2026-07-29 23:52:34] [INFO] [t5_model.py:85] - ✅ Translation Output (DE): Transformer-Architekturen haben das tiefe Lernen revolutioniert.
[2026-07-29 23:55:21] [INFO] [fine_tune.py:39] - Starting fine-tuning pipeline for distilbert-base-uncased on ag_news...
[2026-07-29 23:55:21] [INFO] [bert_classifier.py:29] - Loading pre-trained classifier backbone: distilbert-base-uncased...
[2026-07-29 23:55:24] [INFO] [dataset.py:69] - Loading AG News dataset split: train[:100]...
[2026-07-29 23:55:28] [INFO] [dataset.py:69] - Loading AG News dataset split: test[:50]...
[2026-07-29 23:57:32] [INFO] [fine_tune.py:39] - Starting fine-tuning pipeline for distilbert-base-uncased on ag_news...
[2026-07-29 23:57:32] [INFO] [bert_classifier.py:29] - Loading pre-trained classifier backbone: distilbert-base-uncased...
[2026-07-29 23:57:35] [INFO] [dataset.py:69] - Loading AG News dataset split: train[:100]...
[2026-07-29 23:57:39] [INFO] [dataset.py:69] - Loading AG News dataset split: test[:50]...
[2026-07-29 23:57:40] [INFO] [fine_tune.py:95] - Executing training loop...
[2026-07-29 23:58:48] [INFO] [fine_tune.py:99] - Evaluating fine-tuned model...
[2026-07-29 23:58:49] [INFO] [fine_tune.py:102] - ✅ Fine-Tuning Complete! Results: {'eval_loss': 1.4184091091156006, 'eval_accuracy': 0.22, 'eval_f1': 0.0862, 'eval_precision': 0.0559, 'eval_recall': 0.22, 'eval_runtime': 1.7894, 'eval_samples_per_second': 27.943, 'eval_steps_per_second': 1.118, 'epoch': 3.0}
[2026-07-29 23:58:50] [INFO] [fine_tune.py:107] - ✅ Best model checkpoint saved to: A:\Projects\Project 3\nlp-transformer-system\saved_models\fine_tuned_ag_news
