[2026-07-30 00:00:03] [INFO] [generator.py:22] - Initializing Generation Pipeline...
[2026-07-30 00:00:03] [INFO] [gpt_generator.py:27] - Loading pre-trained GPT generator backbone: gpt2...
[2026-07-30 00:00:06] [INFO] [t5_model.py:26] - Loading pre-trained T5 backbone: t5-small...
[2026-07-30 00:00:12] [INFO] [generator.py:62] - ✅ GPT Completion Output:
The future of deep learning is now much more uncertain than it used to be, and it's still very much in its infancy.

"We don't know how to get
[2026-07-30 00:00:13] [INFO] [generator.py:71] - ✅ T5 Summary Output: Transformers have replaced traditional Recurrent Neural Networks (RNNs) and Long-Term Memory networks (LS
[2026-07-30 00:03:12] [INFO] [evaluator.py:34] - Loading fine-tuned model checkpoint from: A:\Projects\Project 3\nlp-transformer-system\saved_models\fine_tuned_ag_news
[2026-07-30 00:03:12] [INFO] [bert_classifier.py:29] - Loading pre-trained classifier backbone: A:\Projects\Project 3\nlp-transformer-system\saved_models\fine_tuned_ag_news...
[2026-07-30 00:03:12] [INFO] [evaluator.py:50] - Loading 'ag_news' dataset (split='test[:50]')...
[2026-07-30 00:03:12] [INFO] [dataset.py:69] - Loading AG News dataset split: test[:50]...
[2026-07-30 00:03:17] [INFO] [evaluator.py:59] - Running inference over 50 samples...
[2026-07-30 00:03:20] [INFO] [evaluator.py:68] - Calculating metrics and confusion matrix...
[2026-07-30 00:03:20] [INFO] [evaluator.py:73] - ==================================================
[2026-07-30 00:03:20] [INFO] [evaluator.py:74] - ✅ EVALUATION COMPLETED SUCCESSFULLY!
[2026-07-30 00:03:20] [INFO] [evaluator.py:75] - ✅ Accuracy & F1 Metrics: {'accuracy': 0.22, 'f1': 0.0862, 'precision': 0.0559, 'recall': 0.22}
[2026-07-30 00:03:20] [INFO] [evaluator.py:76] - ✅ Confusion Matrix:
[[ 0 10  1  0]
 [ 0 10  0  0]
 [ 0  1  1  0]
 [ 0 26  1  0]]
[2026-07-30 00:03:20] [INFO] [evaluator.py:77] - ✅ Full Classification Report:
              precision    recall  f1-score   support

           0       0.00      0.00      0.00        11
           1       0.21      1.00      0.35        10
           2       0.33      0.50      0.40         2
           3       0.00      0.00      0.00        27

    accuracy                           0.22        50
   macro avg       0.14      0.38      0.19        50
weighted avg       0.06      0.22      0.09        50

[2026-07-30 00:03:20] [INFO] [evaluator.py:78] - ==================================================
[2026-07-30 05:30:37] [INFO] [quantization.py:81] - Loading fine-tuned model for quantization test...
[2026-07-30 05:30:37] [INFO] [bert_classifier.py:29] - Loading pre-trained classifier backbone: A:\Projects\Project 3\nlp-transformer-system\saved_models\fine_tuned_ag_news...
[2026-07-30 05:30:39] [INFO] [quantization.py:31] - Applying Dynamic INT8 Quantization to model linear layers...
[2026-07-30 05:30:40] [INFO] [quantization.py:39] - ✅ Dynamic quantization successfully applied!
[2026-07-30 05:30:40] [INFO] [quantization.py:66] - ✅ Original FP32 Size: 255.46 MB
[2026-07-30 05:30:40] [INFO] [quantization.py:67] - ✅ Quantized INT8 Size: 132.29 MB
[2026-07-30 05:30:40] [INFO] [quantization.py:68] - ✅ Memory Reduction: 48.21%
[2026-07-30 05:36:45] [INFO] [app.py:50] - Initializing API Model Pipelines...
[2026-07-30 05:36:45] [INFO] [generator.py:22] - Initializing Generation Pipeline...
[2026-07-30 05:36:45] [INFO] [gpt_generator.py:27] - Loading pre-trained GPT generator backbone: gpt2...
[2026-07-30 05:36:48] [INFO] [t5_model.py:26] - Loading pre-trained T5 backbone: t5-small...
[2026-07-30 05:36:51] [INFO] [app.py:56] - Loading fine-tuned classifier from A:\Projects\Project 3\nlp-transformer-system\saved_models\fine_tuned_ag_news...
[2026-07-30 05:36:51] [INFO] [bert_classifier.py:29] - Loading pre-trained classifier backbone: A:\Projects\Project 3\nlp-transformer-system\saved_models\fine_tuned_ag_news...
[2026-07-30 05:36:51] [INFO] [app.py:62] - ✅ All API models successfully loaded!
[2026-07-30 05:39:32] [INFO] [app.py:32] - Initializing API Model Pipelines...
[2026-07-30 05:39:32] [INFO] [generator.py:22] - Initializing Generation Pipeline...
[2026-07-30 05:39:32] [INFO] [gpt_generator.py:27] - Loading pre-trained GPT generator backbone: gpt2...
[2026-07-30 05:39:35] [INFO] [t5_model.py:26] - Loading pre-trained T5 backbone: t5-small...
[2026-07-30 05:39:38] [INFO] [app.py:38] - Loading fine-tuned classifier from A:\Projects\Project 3\nlp-transformer-system\saved_models\fine_tuned_ag_news...
[2026-07-30 05:39:38] [INFO] [bert_classifier.py:29] - Loading pre-trained classifier backbone: A:\Projects\Project 3\nlp-transformer-system\saved_models\fine_tuned_ag_news...
[2026-07-30 05:39:38] [INFO] [app.py:48] - ✅ All API models successfully loaded!
[2026-07-30 05:44:03] [INFO] [app.py:50] - Shutting down API and releasing resources...
[2026-07-30 05:44:25] [INFO] [app.py:32] - Initializing API Model Pipelines...
[2026-07-30 05:44:25] [INFO] [generator.py:22] - Initializing Generation Pipeline...
[2026-07-30 05:44:25] [INFO] [gpt_generator.py:27] - Loading pre-trained GPT generator backbone: gpt2...
[2026-07-30 05:44:29] [INFO] [t5_model.py:26] - Loading pre-trained T5 backbone: t5-small...
[2026-07-30 05:44:31] [INFO] [app.py:38] - Loading fine-tuned classifier from A:\Projects\Project 3\nlp-transformer-system\saved_models\fine_tuned_ag_news...
[2026-07-30 05:44:31] [INFO] [bert_classifier.py:29] - Loading pre-trained classifier backbone: A:\Projects\Project 3\nlp-transformer-system\saved_models\fine_tuned_ag_news...
[2026-07-30 05:44:32] [INFO] [app.py:48] - ✅ All API models successfully loaded!
[2026-07-30 05:46:24] [INFO] [app.py:50] - Shutting down API and releasing resources...
[2026-07-30 05:46:38] [INFO] [app.py:32] - Initializing API Model Pipelines...
[2026-07-30 05:46:38] [INFO] [generator.py:22] - Initializing Generation Pipeline...
[2026-07-30 05:46:38] [INFO] [gpt_generator.py:27] - Loading pre-trained GPT generator backbone: gpt2...
[2026-07-30 05:46:41] [INFO] [t5_model.py:26] - Loading pre-trained T5 backbone: t5-small...
[2026-07-30 05:46:44] [INFO] [app.py:38] - Loading fine-tuned classifier from A:\Projects\Project 3\nlp-transformer-system\saved_models\fine_tuned_ag_news...
[2026-07-30 05:46:44] [INFO] [bert_classifier.py:29] - Loading pre-trained classifier backbone: A:\Projects\Project 3\nlp-transformer-system\saved_models\fine_tuned_ag_news...
[2026-07-30 05:46:44] [INFO] [app.py:48] - ✅ All API models successfully loaded!
[2026-07-30 05:47:46] [INFO] [app.py:50] - Shutting down API and releasing resources...
[2026-07-30 05:48:14] [INFO] [app.py:32] - Initializing API Model Pipelines...
[2026-07-30 05:48:14] [INFO] [generator.py:22] - Initializing Generation Pipeline...
[2026-07-30 05:48:14] [INFO] [gpt_generator.py:27] - Loading pre-trained GPT generator backbone: gpt2...
[2026-07-30 05:48:17] [INFO] [t5_model.py:26] - Loading pre-trained T5 backbone: t5-small...
[2026-07-30 05:48:20] [INFO] [app.py:38] - Loading fine-tuned classifier from A:\Projects\Project 3\nlp-transformer-system\saved_models\fine_tuned_ag_news...
[2026-07-30 05:48:20] [INFO] [bert_classifier.py:29] - Loading pre-trained classifier backbone: A:\Projects\Project 3\nlp-transformer-system\saved_models\fine_tuned_ag_news...
[2026-07-30 05:48:20] [INFO] [app.py:48] - ✅ All API models successfully loaded!
[2026-07-30 06:17:50] [INFO] [app.py:50] - Shutting down API and releasing resources...
[2026-07-30 06:18:05] [INFO] [app.py:32] - Initializing API Model Pipelines...
[2026-07-30 06:18:05] [INFO] [generator.py:22] - Initializing Generation Pipeline...
[2026-07-30 06:18:05] [INFO] [gpt_generator.py:27] - Loading pre-trained GPT generator backbone: gpt2...
[2026-07-30 06:18:08] [INFO] [t5_model.py:26] - Loading pre-trained T5 backbone: t5-small...
[2026-07-30 06:18:11] [INFO] [app.py:38] - Loading fine-tuned classifier from A:\Projects\Project 3\nlp-transformer-system\saved_models\fine_tuned_ag_news...
[2026-07-30 06:18:11] [INFO] [bert_classifier.py:29] - Loading pre-trained classifier backbone: A:\Projects\Project 3\nlp-transformer-system\saved_models\fine_tuned_ag_news...
[2026-07-30 06:18:11] [INFO] [app.py:48] - ✅ All API models successfully loaded!
[2026-07-30 06:35:34] [INFO] [app.py:32] - Initializing API Model Pipelines...
[2026-07-30 06:35:34] [INFO] [generator.py:22] - Initializing Generation Pipeline...
[2026-07-30 06:35:34] [INFO] [gpt_generator.py:27] - Loading pre-trained GPT generator backbone: gpt2...
[2026-07-30 06:35:37] [INFO] [t5_model.py:26] - Loading pre-trained T5 backbone: t5-small...
[2026-07-30 06:35:40] [INFO] [app.py:38] - Loading fine-tuned classifier from A:\Projects\Project 3\nlp-transformer-system\saved_models\fine_tuned_ag_news...
[2026-07-30 06:35:40] [INFO] [bert_classifier.py:29] - Loading pre-trained classifier backbone: A:\Projects\Project 3\nlp-transformer-system\saved_models\fine_tuned_ag_news...
[2026-07-30 06:35:40] [INFO] [app.py:48] - ✅ All API models successfully loaded!
[2026-07-30 07:00:32] [INFO] [app.py:50] - Shutting down API and releasing resources...
